---
source: crates/traces/tests/normalize.rs
expression: projected
---
[
  {
    "scope": "com.anthropic.claude_code.tracing",
    "name": "claude_code.hook",
    "display_name": "claude_code.hook",
    "root": false,
    "observation_type": "framework",
    "wrapper_candidate": false,
    "agent": "research_agent",
    "framework": "claude-code",
    "model": "",
    "input_tokens": 0,
    "output_tokens": 0,
    "call_evidence": "unknown",
    "call_keys": [],
    "tool_call_id": "",
    "input_preview": ""
  },
  {
    "scope": "com.anthropic.claude_code.tracing",
    "name": "claude_code.tool.blocked_on_user",
    "display_name": "claude_code.tool.blocked_on_user",
    "root": false,
    "observation_type": "framework",
    "wrapper_candidate": false,
    "agent": "research_agent",
    "framework": "claude-code",
    "model": "",
    "input_tokens": 0,
    "output_tokens": 0,
    "call_evidence": "unknown",
    "call_keys": [],
    "tool_call_id": "",
    "input_preview": ""
  },
  {
    "scope": "com.anthropic.claude_code.tracing",
    "name": "claude_code.llm_request",
    "display_name": "claude_code.llm_request",
    "root": false,
    "observation_type": "llm",
    "wrapper_candidate": false,
    "agent": "research_agent",
    "framework": "claude-agent-sdk",
    "model": "openai/gpt-6-luna",
    "input_tokens": 1029,
    "output_tokens": 102,
    "call_evidence": "unknown",
    "call_keys": [],
    "tool_call_id": "",
    "input_preview": "What is an agent trace?"
  },
  {
    "scope": "openinference.instrumentation.claude_agent_sdk",
    "name": "Agent",
    "display_name": "Agent",
    "root": false,
    "observation_type": "tool",
    "wrapper_candidate": false,
    "agent": "research_agent",
    "framework": "claude-agent-sdk",
    "model": "",
    "input_tokens": 0,
    "output_tokens": 0,
    "call_evidence": "unknown",
    "call_keys": [],
    "tool_call_id": "call_4BgliLpQQ58ZVP9RboHucWb6",
    "input_preview": "{\"subagent_type\": \"search_agent\", \"description\": \"Find meaning of agent trace\", \"prompt\": \"Find relevant facts/context for answering the user’s question: “What is an agent trace?” Determine whether this refers to the concept generally or th"
  },
  {
    "scope": "com.anthropic.claude_code.tracing",
    "name": "claude_code.llm_request",
    "display_name": "claude_code.llm_request",
    "root": false,
    "observation_type": "llm",
    "wrapper_candidate": false,
    "agent": "search_agent",
    "framework": "claude-agent-sdk",
    "model": "openai/gpt-6-luna",
    "input_tokens": 1062,
    "output_tokens": 1980,
    "call_evidence": "unknown",
    "call_keys": [],
    "tool_call_id": "",
    "input_preview": "Find relevant facts/context for answering the user’s question: “What is an agent trace?” Determine whether this refers to the concept generally or this repository’s product/code usage. Search if useful, and give a concise factual summary pl"
  },
  {
    "scope": "com.anthropic.claude_code.tracing",
    "name": "claude_code.tool.execution",
    "display_name": "claude_code.tool.execution",
    "root": false,
    "observation_type": "framework",
    "wrapper_candidate": false,
    "agent": "research_agent",
    "framework": "claude-code",
    "model": "",
    "input_tokens": 0,
    "output_tokens": 0,
    "call_evidence": "unknown",
    "call_keys": [],
    "tool_call_id": "call_4BgliLpQQ58ZVP9RboHucWb6",
    "input_preview": ""
  },
  {
    "scope": "com.anthropic.claude_code.tracing",
    "name": "claude_code.tool",
    "display_name": "Agent",
    "root": false,
    "observation_type": "tool",
    "wrapper_candidate": false,
    "agent": "research_agent",
    "framework": "claude-code",
    "model": "",
    "input_tokens": 0,
    "output_tokens": 0,
    "call_evidence": "unknown",
    "call_keys": [],
    "tool_call_id": "call_4BgliLpQQ58ZVP9RboHucWb6",
    "input_preview": "{\"description\":\"Find meaning of agent trace\",\"prompt\":\"Find relevant facts/context for answering the user’s question: “What is an agent trace?” Determine whether this refers to the concept generally or this repository’s product/code usage. "
  },
  {
    "scope": "com.anthropic.claude_code.tracing",
    "name": "claude_code.hook",
    "display_name": "claude_code.hook",
    "root": false,
    "observation_type": "framework",
    "wrapper_candidate": false,
    "agent": "research_agent",
    "framework": "claude-code",
    "model": "",
    "input_tokens": 0,
    "output_tokens": 0,
    "call_evidence": "unknown",
    "call_keys": [],
    "tool_call_id": "",
    "input_preview": ""
  },
  {
    "scope": "com.anthropic.claude_code.tracing",
    "name": "claude_code.hook",
    "display_name": "claude_code.hook",
    "root": false,
    "observation_type": "framework",
    "wrapper_candidate": false,
    "agent": "research_agent",
    "framework": "claude-code",
    "model": "",
    "input_tokens": 0,
    "output_tokens": 0,
    "call_evidence": "unknown",
    "call_keys": [],
    "tool_call_id": "",
    "input_preview": ""
  },
  {
    "scope": "com.anthropic.claude_code.tracing",
    "name": "claude_code.tool.blocked_on_user",
    "display_name": "claude_code.tool.blocked_on_user",
    "root": false,
    "observation_type": "framework",
    "wrapper_candidate": false,
    "agent": "research_agent",
    "framework": "claude-code",
    "model": "",
    "input_tokens": 0,
    "output_tokens": 0,
    "call_evidence": "unknown",
    "call_keys": [],
    "tool_call_id": "",
    "input_preview": ""
  },
  {
    "scope": "com.anthropic.claude_code.tracing",
    "name": "claude_code.llm_request",
    "display_name": "claude_code.llm_request",
    "root": false,
    "observation_type": "llm",
    "wrapper_candidate": false,
    "agent": "research_agent",
    "framework": "claude-agent-sdk",
    "model": "openai/gpt-6-luna",
    "input_tokens": 1595,
    "output_tokens": 154,
    "call_evidence": "unknown",
    "call_keys": [],
    "tool_call_id": "",
    "input_preview": ""
  },
  {
    "scope": "com.anthropic.claude_code.tracing",
    "name": "claude_code.llm_request",
    "display_name": "claude_code.llm_request",
    "root": false,
    "observation_type": "llm",
    "wrapper_candidate": false,
    "agent": "writer_agent",
    "framework": "claude-agent-sdk",
    "model": "openai/gpt-6-luna",
    "input_tokens": 1124,
    "output_tokens": 142,
    "call_evidence": "unknown",
    "call_keys": [],
    "tool_call_id": "",
    "input_preview": "Write the final answer to the user’s question “What is an agent trace?” using these facts: generally it is a structured record of one agent run, recording ordered steps and relationships such as model calls, tool invocations, and handoffs; "
  },
  {
    "scope": "com.anthropic.claude_code.tracing",
    "name": "claude_code.tool.execution",
    "display_name": "claude_code.tool.execution",
    "root": false,
    "observation_type": "framework",
    "wrapper_candidate": false,
    "agent": "research_agent",
    "framework": "claude-code",
    "model": "",
    "input_tokens": 0,
    "output_tokens": 0,
    "call_evidence": "unknown",
    "call_keys": [],
    "tool_call_id": "call_OkyL8AoHZbQvsWX2VhCag1jd",
    "input_preview": ""
  },
  {
    "scope": "com.anthropic.claude_code.tracing",
    "name": "claude_code.tool",
    "display_name": "Agent",
    "root": false,
    "observation_type": "tool",
    "wrapper_candidate": false,
    "agent": "research_agent",
    "framework": "claude-code",
    "model": "",
    "input_tokens": 0,
    "output_tokens": 0,
    "call_evidence": "unknown",
    "call_keys": [],
    "tool_call_id": "call_OkyL8AoHZbQvsWX2VhCag1jd",
    "input_preview": "{\"description\":\"Write concise definition\",\"prompt\":\"Write the final answer to the user’s question “What is an agent trace?” using these facts: generally it is a structured record of one agent run, recording ordered steps and relationships s"
  },
  {
    "scope": "com.anthropic.claude_code.tracing",
    "name": "claude_code.hook",
    "display_name": "claude_code.hook",
    "root": false,
    "observation_type": "framework",
    "wrapper_candidate": false,
    "agent": "research_agent",
    "framework": "claude-code",
    "model": "",
    "input_tokens": 0,
    "output_tokens": 0,
    "call_evidence": "unknown",
    "call_keys": [],
    "tool_call_id": "",
    "input_preview": ""
  },
  {
    "scope": "openinference.instrumentation.claude_agent_sdk",
    "name": "Agent",
    "display_name": "Agent",
    "root": false,
    "observation_type": "tool",
    "wrapper_candidate": false,
    "agent": "research_agent",
    "framework": "claude-agent-sdk",
    "model": "",
    "input_tokens": 0,
    "output_tokens": 0,
    "call_evidence": "unknown",
    "call_keys": [],
    "tool_call_id": "call_OkyL8AoHZbQvsWX2VhCag1jd",
    "input_preview": "{\"subagent_type\": \"writer_agent\", \"description\": \"Write concise definition\", \"prompt\": \"Write the final answer to the user’s question “What is an agent trace?” using these facts: generally it is a structured record of one agent run, recordi"
  },
  {
    "scope": "com.anthropic.claude_code.tracing",
    "name": "claude_code.llm_request",
    "display_name": "claude_code.llm_request",
    "root": false,
    "observation_type": "llm",
    "wrapper_candidate": false,
    "agent": "research_agent",
    "framework": "claude-agent-sdk",
    "model": "openai/gpt-6-luna",
    "input_tokens": 2031,
    "output_tokens": 80,
    "call_evidence": "unknown",
    "call_keys": [],
    "tool_call_id": "",
    "input_preview": ""
  },
  {
    "scope": "com.anthropic.claude_code.tracing",
    "name": "claude_code.interaction",
    "display_name": "claude_code.interaction",
    "root": false,
    "observation_type": "agent",
    "wrapper_candidate": true,
    "agent": "research_agent",
    "framework": "claude-code",
    "model": "",
    "input_tokens": 0,
    "output_tokens": 0,
    "call_evidence": "unknown",
    "call_keys": [],
    "tool_call_id": "",
    "input_preview": "What is an agent trace?"
  },
  {
    "scope": "openinference.instrumentation.claude_agent_sdk",
    "name": "ClaudeAgentSDK.Agent",
    "display_name": "ClaudeAgentSDK.Agent",
    "root": false,
    "observation_type": "agent",
    "wrapper_candidate": true,
    "agent": "research_agent",
    "framework": "claude-agent-sdk",
    "model": "",
    "input_tokens": 0,
    "output_tokens": 0,
    "call_evidence": "unknown",
    "call_keys": [],
    "tool_call_id": "",
    "input_preview": ""
  },
  {
    "scope": "openinference.instrumentation.claude_agent_sdk",
    "name": "ClaudeAgentSDK.Agent",
    "display_name": "ClaudeAgentSDK.Agent",
    "root": false,
    "observation_type": "agent",
    "wrapper_candidate": true,
    "agent": "research_agent",
    "framework": "claude-agent-sdk",
    "model": "",
    "input_tokens": 0,
    "output_tokens": 0,
    "call_evidence": "unknown",
    "call_keys": [],
    "tool_call_id": "",
    "input_preview": ""
  },
  {
    "scope": "openinference.instrumentation.claude_agent_sdk",
    "name": "ClaudeAgentSDK.query",
    "display_name": "ClaudeAgentSDK.query",
    "root": true,
    "observation_type": "agent",
    "wrapper_candidate": false,
    "agent": "research_agent",
    "framework": "claude-agent-sdk",
    "model": "openai/gpt-6-luna",
    "input_tokens": 4655,
    "output_tokens": 336,
    "call_evidence": "unknown",
    "call_keys": [],
    "tool_call_id": "",
    "input_preview": "What is an agent trace?"
  }
]
