---
source: crates/traces/tests/normalize.rs
expression: projected
---
[
  {
    "scope": "com.anthropic.claude_code.tracing",
    "name": "claude_code.llm_request",
    "display_name": "claude_code.llm_request",
    "root": false,
    "observation_type": "llm",
    "wrapper_candidate": false,
    "agent": "research_agent",
    "framework": "claude-agent-sdk",
    "model": "openai/gpt-6-luna",
    "input_tokens": 171,
    "output_tokens": 392,
    "call_evidence": "unknown",
    "call_keys": [],
    "tool_call_id": "",
    "input_preview": "What is an agent trace?"
  },
  {
    "scope": "com.anthropic.claude_code.tracing",
    "name": "claude_code.interaction",
    "display_name": "claude_code.interaction",
    "root": false,
    "observation_type": "agent",
    "wrapper_candidate": true,
    "agent": "research_agent",
    "framework": "claude-code",
    "model": "",
    "input_tokens": 0,
    "output_tokens": 0,
    "call_evidence": "unknown",
    "call_keys": [],
    "tool_call_id": "",
    "input_preview": "What is an agent trace?"
  },
  {
    "scope": "openinference.instrumentation.claude_agent_sdk",
    "name": "ClaudeAgentSDK.query",
    "display_name": "ClaudeAgentSDK.query",
    "root": true,
    "observation_type": "agent",
    "wrapper_candidate": false,
    "agent": "research_agent",
    "framework": "claude-agent-sdk",
    "model": "openai/gpt-6-luna",
    "input_tokens": 171,
    "output_tokens": 392,
    "call_evidence": "unknown",
    "call_keys": [],
    "tool_call_id": "",
    "input_preview": "What is an agent trace?"
  }
]
