---
source: crates/traces/tests/normalize.rs
expression: projected
---
[
  {
    "scope": "com.anthropic.claude_code.tracing",
    "name": "claude_code.llm_request",
    "display_name": "claude_code.llm_request",
    "root": true,
    "observation_type": "llm",
    "wrapper_candidate": false,
    "agent": "claude-agent-sdk-demo",
    "framework": "claude-agent-sdk",
    "model": "anthropic/claude-sonnet-5",
    "input_tokens": 1205,
    "output_tokens": 14,
    "call_evidence": "unknown",
    "call_keys": [],
    "tool_call_id": "",
    "input_preview": "<session>\nUse Bash to run 'ls' in this directory, then use Read to read agent.py, and summarize in 2 sentences what it does.\n</session>\n\nWrite the title in the predominant language of the session — a stray word or code token in another lang"
  },
  {
    "scope": "com.anthropic.claude_code.tracing",
    "name": "claude_code.interaction",
    "display_name": "claude_code.interaction",
    "root": true,
    "observation_type": "agent",
    "wrapper_candidate": false,
    "agent": "claude-agent-sdk-demo",
    "framework": "claude-code",
    "model": "",
    "input_tokens": 0,
    "output_tokens": 0,
    "call_evidence": "unknown",
    "call_keys": [],
    "tool_call_id": "",
    "input_preview": "Use Bash to run 'ls' in this directory, then use Read to read agent.py, and summarize in 2 sentences what it does."
  },
  {
    "scope": "com.anthropic.claude_code.tracing",
    "name": "claude_code.hook",
    "display_name": "claude_code.hook",
    "root": false,
    "observation_type": "framework",
    "wrapper_candidate": false,
    "agent": "claude-agent-sdk-demo",
    "framework": "claude-code",
    "model": "",
    "input_tokens": 0,
    "output_tokens": 0,
    "call_evidence": "unknown",
    "call_keys": [],
    "tool_call_id": "",
    "input_preview": ""
  },
  {
    "scope": "com.anthropic.claude_code.tracing",
    "name": "claude_code.llm_request",
    "display_name": "claude_code.llm_request",
    "root": false,
    "observation_type": "llm",
    "wrapper_candidate": false,
    "agent": "claude-agent-sdk-demo",
    "framework": "claude-agent-sdk",
    "model": "claude-sonnet-5-5",
    "input_tokens": 64467,
    "output_tokens": 142,
    "call_evidence": "unknown",
    "call_keys": [],
    "tool_call_id": "",
    "input_preview": "Use Bash to run 'ls' in this directory, then use Read to read agent.py, and summarize in 2 sentences what it does."
  },
  {
    "scope": "com.anthropic.claude_code.tracing",
    "name": "claude_code.hook",
    "display_name": "claude_code.hook",
    "root": false,
    "observation_type": "framework",
    "wrapper_candidate": false,
    "agent": "claude-agent-sdk-demo",
    "framework": "claude-code",
    "model": "",
    "input_tokens": 0,
    "output_tokens": 0,
    "call_evidence": "unknown",
    "call_keys": [],
    "tool_call_id": "",
    "input_preview": ""
  },
  {
    "scope": "com.anthropic.claude_code.tracing",
    "name": "claude_code.tool.blocked_on_user",
    "display_name": "claude_code.tool.blocked_on_user",
    "root": false,
    "observation_type": "framework",
    "wrapper_candidate": false,
    "agent": "claude-agent-sdk-demo",
    "framework": "claude-code",
    "model": "",
    "input_tokens": 0,
    "output_tokens": 0,
    "call_evidence": "unknown",
    "call_keys": [],
    "tool_call_id": "",
    "input_preview": ""
  },
  {
    "scope": "com.anthropic.claude_code.tracing",
    "name": "claude_code.tool",
    "display_name": "Bash",
    "root": false,
    "observation_type": "tool",
    "wrapper_candidate": false,
    "agent": "claude-agent-sdk-demo",
    "framework": "claude-code",
    "model": "",
    "input_tokens": 0,
    "output_tokens": 0,
    "call_evidence": "unknown",
    "call_keys": [],
    "tool_call_id": "toolu_01DduwZEneZSy9fyFScexRKh",
    "input_preview": "{\"command\":\"ls\",\"description\":\"List files in current directory\"}"
  },
  {
    "scope": "com.anthropic.claude_code.tracing",
    "name": "claude_code.tool.execution",
    "display_name": "claude_code.tool.execution",
    "root": false,
    "observation_type": "framework",
    "wrapper_candidate": false,
    "agent": "claude-agent-sdk-demo",
    "framework": "claude-code",
    "model": "",
    "input_tokens": 0,
    "output_tokens": 0,
    "call_evidence": "unknown",
    "call_keys": [],
    "tool_call_id": "toolu_01DduwZEneZSy9fyFScexRKh",
    "input_preview": ""
  },
  {
    "scope": "com.anthropic.claude_code.tracing",
    "name": "claude_code.hook",
    "display_name": "claude_code.hook",
    "root": false,
    "observation_type": "framework",
    "wrapper_candidate": false,
    "agent": "claude-agent-sdk-demo",
    "framework": "claude-code",
    "model": "",
    "input_tokens": 0,
    "output_tokens": 0,
    "call_evidence": "unknown",
    "call_keys": [],
    "tool_call_id": "",
    "input_preview": ""
  },
  {
    "scope": "com.anthropic.claude_code.tracing",
    "name": "claude_code.tool.blocked_on_user",
    "display_name": "claude_code.tool.blocked_on_user",
    "root": false,
    "observation_type": "framework",
    "wrapper_candidate": false,
    "agent": "claude-agent-sdk-demo",
    "framework": "claude-code",
    "model": "",
    "input_tokens": 0,
    "output_tokens": 0,
    "call_evidence": "unknown",
    "call_keys": [],
    "tool_call_id": "",
    "input_preview": ""
  },
  {
    "scope": "com.anthropic.claude_code.tracing",
    "name": "claude_code.tool",
    "display_name": "Read",
    "root": false,
    "observation_type": "tool",
    "wrapper_candidate": false,
    "agent": "claude-agent-sdk-demo",
    "framework": "claude-code",
    "model": "",
    "input_tokens": 0,
    "output_tokens": 0,
    "call_evidence": "unknown",
    "call_keys": [],
    "tool_call_id": "toolu_013N7z8L1z2qM2q3mSiUkwD6",
    "input_preview": "{\"file_path\":\"/workspace/agent.py\"}"
  },
  {
    "scope": "com.anthropic.claude_code.tracing",
    "name": "claude_code.tool.execution",
    "display_name": "claude_code.tool.execution",
    "root": false,
    "observation_type": "framework",
    "wrapper_candidate": false,
    "agent": "claude-agent-sdk-demo",
    "framework": "claude-code",
    "model": "",
    "input_tokens": 0,
    "output_tokens": 0,
    "call_evidence": "unknown",
    "call_keys": [],
    "tool_call_id": "toolu_013N7z8L1z2qM2q3mSiUkwD6",
    "input_preview": ""
  },
  {
    "scope": "com.anthropic.claude_code.tracing",
    "name": "claude_code.hook",
    "display_name": "claude_code.hook",
    "root": false,
    "observation_type": "framework",
    "wrapper_candidate": false,
    "agent": "claude-agent-sdk-demo",
    "framework": "claude-code",
    "model": "",
    "input_tokens": 0,
    "output_tokens": 0,
    "call_evidence": "unknown",
    "call_keys": [],
    "tool_call_id": "",
    "input_preview": ""
  },
  {
    "scope": "com.anthropic.claude_code.tracing",
    "name": "claude_code.hook",
    "display_name": "claude_code.hook",
    "root": false,
    "observation_type": "framework",
    "wrapper_candidate": false,
    "agent": "claude-agent-sdk-demo",
    "framework": "claude-code",
    "model": "",
    "input_tokens": 0,
    "output_tokens": 0,
    "call_evidence": "unknown",
    "call_keys": [],
    "tool_call_id": "",
    "input_preview": ""
  },
  {
    "scope": "com.anthropic.claude_code.tracing",
    "name": "claude_code.llm_request",
    "display_name": "claude_code.llm_request",
    "root": false,
    "observation_type": "llm",
    "wrapper_candidate": false,
    "agent": "claude-agent-sdk-demo",
    "framework": "claude-agent-sdk",
    "model": "claude-sonnet-5-5",
    "input_tokens": 65765,
    "output_tokens": 201,
    "call_evidence": "unknown",
    "call_keys": [],
    "tool_call_id": "",
    "input_preview": ""
  },
  {
    "scope": "com.anthropic.claude_code.tracing",
    "name": "claude_code.hook",
    "display_name": "claude_code.hook",
    "root": false,
    "observation_type": "framework",
    "wrapper_candidate": false,
    "agent": "claude-agent-sdk-demo",
    "framework": "claude-code",
    "model": "",
    "input_tokens": 0,
    "output_tokens": 0,
    "call_evidence": "unknown",
    "call_keys": [],
    "tool_call_id": "",
    "input_preview": ""
  }
]
