---
source: crates/traces/tests/normalize.rs
expression: projected
---
[
  {
    "scope": "langsmith",
    "name": "__start__",
    "display_name": "__start__",
    "root": false,
    "observation_type": "chain",
    "wrapper_candidate": false,
    "agent": "",
    "framework": "langgraph",
    "model": "",
    "input_tokens": 0,
    "output_tokens": 0,
    "call_evidence": "unknown",
    "call_keys": [],
    "tool_call_id": "",
    "input_preview": "{\"messages\":[{\"role\":\"user\",\"content\":\"For a synthetic tracing fixture, explain Python tuple versus list immutability in at most 120 words. Use only official Python documentation if you search. Have the skeptic and verifier check it, then h"
  },
  {
    "scope": "langsmith",
    "name": "route_to_active_agent",
    "display_name": "route_to_active_agent",
    "root": false,
    "observation_type": "chain",
    "wrapper_candidate": false,
    "agent": "",
    "framework": "langgraph",
    "model": "",
    "input_tokens": 0,
    "output_tokens": 0,
    "call_evidence": "unknown",
    "call_keys": [],
    "tool_call_id": "",
    "input_preview": "{\"messages\":[{\"content\":\"For a synthetic tracing fixture, explain Python tuple versus list immutability in at most 120 words. Use only official Python documentation if you search. Have the skeptic and verifier check it, then have the editor"
  },
  {
    "scope": "langsmith",
    "name": "model",
    "display_name": "model",
    "root": false,
    "observation_type": "chain",
    "wrapper_candidate": false,
    "agent": "researcher",
    "framework": "langchain_create_agent",
    "model": "",
    "input_tokens": 0,
    "output_tokens": 0,
    "call_evidence": "unknown",
    "call_keys": [],
    "tool_call_id": "",
    "input_preview": "{\"messages\":[{\"content\":\"For a synthetic tracing fixture, explain Python tuple versus list immutability in at most 120 words. Use only official Python documentation if you search. Have the skeptic and verifier check it, then have the editor"
  },
  {
    "scope": "langsmith",
    "name": "FilesystemMiddleware.wrap_model_call",
    "display_name": "FilesystemMiddleware.wrap_model_call",
    "root": false,
    "observation_type": "framework",
    "wrapper_candidate": false,
    "agent": "researcher",
    "framework": "langchain_create_agent",
    "model": "",
    "input_tokens": 0,
    "output_tokens": 0,
    "call_evidence": "unknown",
    "call_keys": [],
    "tool_call_id": "",
    "input_preview": "{}"
  },
  {
    "scope": "langsmith",
    "name": "UnsupportedContentMiddleware.wrap_model_call",
    "display_name": "UnsupportedContentMiddleware.wrap_model_call",
    "root": false,
    "observation_type": "framework",
    "wrapper_candidate": false,
    "agent": "researcher",
    "framework": "langchain_create_agent",
    "model": "",
    "input_tokens": 0,
    "output_tokens": 0,
    "call_evidence": "unknown",
    "call_keys": [],
    "tool_call_id": "",
    "input_preview": "{}"
  },
  {
    "scope": "langsmith",
    "name": "ChatAnthropic",
    "display_name": "ChatAnthropic",
    "root": false,
    "observation_type": "llm",
    "wrapper_candidate": false,
    "agent": "researcher",
    "framework": "langchain_chat_model",
    "model": "claude-sonnet",
    "input_tokens": 2845,
    "output_tokens": 73,
    "call_evidence": "complete",
    "call_keys": [
      "provider_response:msg_011Cfdw9aW9brenPqgybfNwP"
    ],
    "tool_call_id": "",
    "input_preview": "For a synthetic tracing fixture, explain Python tuple versus list immutability in at most 120 words. Use only official Python documentation if you search. Have the skeptic and verifier check it, then have the editor write /answer.md. Keep t"
  },
  {
    "scope": "langsmith",
    "name": "FilesystemMiddleware.wrap_tool_call",
    "display_name": "FilesystemMiddleware.wrap_tool_call",
    "root": false,
    "observation_type": "framework",
    "wrapper_candidate": false,
    "agent": "researcher",
    "framework": "langchain_create_agent",
    "model": "",
    "input_tokens": 0,
    "output_tokens": 0,
    "call_evidence": "unknown",
    "call_keys": [],
    "tool_call_id": "",
    "input_preview": "{}"
  },
  {
    "scope": "langsmith",
    "name": "web_search",
    "display_name": "web_search",
    "root": false,
    "observation_type": "tool",
    "wrapper_candidate": false,
    "agent": "researcher",
    "framework": "langchain_create_agent",
    "model": "",
    "input_tokens": 0,
    "output_tokens": 0,
    "call_evidence": "unknown",
    "call_keys": [],
    "tool_call_id": "toolu_01B2LfHGDjYSFJhmiXNj4CuQ",
    "input_preview": "{\"query\":\"docs.python.org tuples immutable sequences lists mutable data structures tutorial\"}"
  },
  {
    "scope": "langsmith",
    "name": "tools",
    "display_name": "tools",
    "root": false,
    "observation_type": "chain",
    "wrapper_candidate": false,
    "agent": "researcher",
    "framework": "langchain_create_agent",
    "model": "",
    "input_tokens": 0,
    "output_tokens": 0,
    "call_evidence": "unknown",
    "call_keys": [],
    "tool_call_id": "",
    "input_preview": "{\"input\":[{\"name\":\"web_search\",\"args\":{\"query\":\"docs.python.org tuples immutable sequences lists mutable data structures tutorial\"},\"id\":\"toolu_01B2LfHGDjYSFJhmiXNj4CuQ\",\"type\":\"tool_call\"}]}"
  },
  {
    "scope": "langsmith",
    "name": "tools",
    "display_name": "tools",
    "root": false,
    "observation_type": "chain",
    "wrapper_candidate": false,
    "agent": "researcher",
    "framework": "langchain_create_agent",
    "model": "",
    "input_tokens": 0,
    "output_tokens": 0,
    "call_evidence": "unknown",
    "call_keys": [],
    "tool_call_id": "",
    "input_preview": "{\"input\":[{\"name\":\"transfer_to_skeptic\",\"args\":{},\"id\":\"toolu_01Xjj3aRdWyhBJfPmTJBxQa9\",\"type\":\"tool_call\"}]}"
  },
  {
    "scope": "langsmith",
    "name": "FilesystemMiddleware.wrap_tool_call",
    "display_name": "FilesystemMiddleware.wrap_tool_call",
    "root": false,
    "observation_type": "framework",
    "wrapper_candidate": false,
    "agent": "researcher",
    "framework": "langchain_create_agent",
    "model": "",
    "input_tokens": 0,
    "output_tokens": 0,
    "call_evidence": "unknown",
    "call_keys": [],
    "tool_call_id": "",
    "input_preview": "{}"
  },
  {
    "scope": "langsmith",
    "name": "transfer_to_skeptic",
    "display_name": "transfer_to_skeptic",
    "root": false,
    "observation_type": "tool",
    "wrapper_candidate": false,
    "agent": "researcher",
    "framework": "langchain_create_agent",
    "model": "",
    "input_tokens": 0,
    "output_tokens": 0,
    "call_evidence": "unknown",
    "call_keys": [],
    "tool_call_id": "toolu_01Xjj3aRdWyhBJfPmTJBxQa9",
    "input_preview": "{}"
  },
  {
    "scope": "langsmith",
    "name": "model",
    "display_name": "model",
    "root": false,
    "observation_type": "chain",
    "wrapper_candidate": false,
    "agent": "researcher",
    "framework": "langchain_create_agent",
    "model": "",
    "input_tokens": 0,
    "output_tokens": 0,
    "call_evidence": "unknown",
    "call_keys": [],
    "tool_call_id": "",
    "input_preview": "{\"messages\":[{\"content\":\"For a synthetic tracing fixture, explain Python tuple versus list immutability in at most 120 words. Use only official Python documentation if you search. Have the skeptic and verifier check it, then have the editor"
  },
  {
    "scope": "langsmith",
    "name": "FilesystemMiddleware.wrap_model_call",
    "display_name": "FilesystemMiddleware.wrap_model_call",
    "root": false,
    "observation_type": "framework",
    "wrapper_candidate": false,
    "agent": "researcher",
    "framework": "langchain_create_agent",
    "model": "",
    "input_tokens": 0,
    "output_tokens": 0,
    "call_evidence": "unknown",
    "call_keys": [],
    "tool_call_id": "",
    "input_preview": "{}"
  },
  {
    "scope": "langsmith",
    "name": "UnsupportedContentMiddleware.wrap_model_call",
    "display_name": "UnsupportedContentMiddleware.wrap_model_call",
    "root": false,
    "observation_type": "framework",
    "wrapper_candidate": false,
    "agent": "researcher",
    "framework": "langchain_create_agent",
    "model": "",
    "input_tokens": 0,
    "output_tokens": 0,
    "call_evidence": "unknown",
    "call_keys": [],
    "tool_call_id": "",
    "input_preview": "{}"
  },
  {
    "scope": "langsmith",
    "name": "ChatAnthropic",
    "display_name": "ChatAnthropic",
    "root": false,
    "observation_type": "llm",
    "wrapper_candidate": false,
    "agent": "researcher",
    "framework": "langchain_chat_model",
    "model": "claude-sonnet",
    "input_tokens": 7378,
    "output_tokens": 33,
    "call_evidence": "complete",
    "call_keys": [
      "provider_response:msg_011CfdwA6F4cCN5yhD4Crs9M"
    ],
    "tool_call_id": "",
    "input_preview": "For a synthetic tracing fixture, explain Python tuple versus list immutability in at most 120 words. Use only official Python documentation if you search. Have the skeptic and verifier check it, then have the editor write /answer.md. Keep t"
  },
  {
    "scope": "langsmith",
    "name": "researcher",
    "display_name": "researcher",
    "root": false,
    "observation_type": "agent",
    "wrapper_candidate": false,
    "agent": "researcher",
    "framework": "langchain_create_agent",
    "model": "",
    "input_tokens": 0,
    "output_tokens": 0,
    "call_evidence": "unknown",
    "call_keys": [],
    "tool_call_id": "",
    "input_preview": "For a synthetic tracing fixture, explain Python tuple versus list immutability in at most 120 words. Use only official Python documentation if you search. Have the skeptic and verifier check it, then have the editor write /answer.md. Keep t"
  },
  {
    "scope": "langsmith",
    "name": "researcher",
    "display_name": "researcher",
    "root": false,
    "observation_type": "chain",
    "wrapper_candidate": false,
    "agent": "",
    "framework": "langgraph",
    "model": "",
    "input_tokens": 0,
    "output_tokens": 0,
    "call_evidence": "unknown",
    "call_keys": [],
    "tool_call_id": "",
    "input_preview": "{\"messages\":[{\"content\":\"For a synthetic tracing fixture, explain Python tuple versus list immutability in at most 120 words. Use only official Python documentation if you search. Have the skeptic and verifier check it, then have the editor"
  },
  {
    "scope": "langsmith",
    "name": "tools",
    "display_name": "tools",
    "root": false,
    "observation_type": "chain",
    "wrapper_candidate": false,
    "agent": "skeptic",
    "framework": "langchain_create_agent",
    "model": "",
    "input_tokens": 0,
    "output_tokens": 0,
    "call_evidence": "unknown",
    "call_keys": [],
    "tool_call_id": "",
    "input_preview": "{\"input\":[{\"name\":\"transfer_to_verifier\",\"args\":{},\"id\":\"toolu_01H6fV8JvRJNvXy47eRnd3jH\",\"type\":\"tool_call\"}]}"
  },
  {
    "scope": "langsmith",
    "name": "FilesystemMiddleware.wrap_tool_call",
    "display_name": "FilesystemMiddleware.wrap_tool_call",
    "root": false,
    "observation_type": "framework",
    "wrapper_candidate": false,
    "agent": "skeptic",
    "framework": "langchain_create_agent",
    "model": "",
    "input_tokens": 0,
    "output_tokens": 0,
    "call_evidence": "unknown",
    "call_keys": [],
    "tool_call_id": "",
    "input_preview": "{}"
  },
  {
    "scope": "langsmith",
    "name": "transfer_to_verifier",
    "display_name": "transfer_to_verifier",
    "root": false,
    "observation_type": "tool",
    "wrapper_candidate": false,
    "agent": "skeptic",
    "framework": "langchain_create_agent",
    "model": "",
    "input_tokens": 0,
    "output_tokens": 0,
    "call_evidence": "unknown",
    "call_keys": [],
    "tool_call_id": "toolu_01H6fV8JvRJNvXy47eRnd3jH",
    "input_preview": "{}"
  },
  {
    "scope": "langsmith",
    "name": "model",
    "display_name": "model",
    "root": false,
    "observation_type": "chain",
    "wrapper_candidate": false,
    "agent": "skeptic",
    "framework": "langchain_create_agent",
    "model": "",
    "input_tokens": 0,
    "output_tokens": 0,
    "call_evidence": "unknown",
    "call_keys": [],
    "tool_call_id": "",
    "input_preview": "{\"messages\":[{\"content\":\"For a synthetic tracing fixture, explain Python tuple versus list immutability in at most 120 words. Use only official Python documentation if you search. Have the skeptic and verifier check it, then have the editor"
  },
  {
    "scope": "langsmith",
    "name": "FilesystemMiddleware.wrap_model_call",
    "display_name": "FilesystemMiddleware.wrap_model_call",
    "root": false,
    "observation_type": "framework",
    "wrapper_candidate": false,
    "agent": "skeptic",
    "framework": "langchain_create_agent",
    "model": "",
    "input_tokens": 0,
    "output_tokens": 0,
    "call_evidence": "unknown",
    "call_keys": [],
    "tool_call_id": "",
    "input_preview": "{}"
  },
  {
    "scope": "langsmith",
    "name": "UnsupportedContentMiddleware.wrap_model_call",
    "display_name": "UnsupportedContentMiddleware.wrap_model_call",
    "root": false,
    "observation_type": "framework",
    "wrapper_candidate": false,
    "agent": "skeptic",
    "framework": "langchain_create_agent",
    "model": "",
    "input_tokens": 0,
    "output_tokens": 0,
    "call_evidence": "unknown",
    "call_keys": [],
    "tool_call_id": "",
    "input_preview": "{}"
  },
  {
    "scope": "langsmith",
    "name": "ChatAnthropic",
    "display_name": "ChatAnthropic",
    "root": false,
    "observation_type": "llm",
    "wrapper_candidate": false,
    "agent": "skeptic",
    "framework": "langchain_chat_model",
    "model": "claude-sonnet",
    "input_tokens": 7396,
    "output_tokens": 770,
    "call_evidence": "complete",
    "call_keys": [
      "provider_response:msg_011CfdwAMRdS21FeJfzQhM3s"
    ],
    "tool_call_id": "",
    "input_preview": "For a synthetic tracing fixture, explain Python tuple versus list immutability in at most 120 words. Use only official Python documentation if you search. Have the skeptic and verifier check it, then have the editor write /answer.md. Keep t"
  },
  {
    "scope": "langsmith",
    "name": "skeptic",
    "display_name": "skeptic",
    "root": false,
    "observation_type": "agent",
    "wrapper_candidate": false,
    "agent": "skeptic",
    "framework": "langchain_create_agent",
    "model": "",
    "input_tokens": 0,
    "output_tokens": 0,
    "call_evidence": "unknown",
    "call_keys": [],
    "tool_call_id": "",
    "input_preview": "For a synthetic tracing fixture, explain Python tuple versus list immutability in at most 120 words. Use only official Python documentation if you search. Have the skeptic and verifier check it, then have the editor write /answer.md. Keep t"
  },
  {
    "scope": "langsmith",
    "name": "skeptic",
    "display_name": "skeptic",
    "root": false,
    "observation_type": "chain",
    "wrapper_candidate": false,
    "agent": "",
    "framework": "langgraph",
    "model": "",
    "input_tokens": 0,
    "output_tokens": 0,
    "call_evidence": "unknown",
    "call_keys": [],
    "tool_call_id": "",
    "input_preview": "{\"messages\":[{\"content\":\"For a synthetic tracing fixture, explain Python tuple versus list immutability in at most 120 words. Use only official Python documentation if you search. Have the skeptic and verifier check it, then have the editor"
  },
  {
    "scope": "langsmith",
    "name": "tools",
    "display_name": "tools",
    "root": false,
    "observation_type": "chain",
    "wrapper_candidate": false,
    "agent": "verifier",
    "framework": "langchain_create_agent",
    "model": "",
    "input_tokens": 0,
    "output_tokens": 0,
    "call_evidence": "unknown",
    "call_keys": [],
    "tool_call_id": "",
    "input_preview": "{\"input\":[{\"name\":\"transfer_to_red_team\",\"args\":{},\"id\":\"toolu_01XEAuhQHCBdyCwtymZwFfDi\",\"type\":\"tool_call\"}]}"
  },
  {
    "scope": "langsmith",
    "name": "FilesystemMiddleware.wrap_tool_call",
    "display_name": "FilesystemMiddleware.wrap_tool_call",
    "root": false,
    "observation_type": "framework",
    "wrapper_candidate": false,
    "agent": "verifier",
    "framework": "langchain_create_agent",
    "model": "",
    "input_tokens": 0,
    "output_tokens": 0,
    "call_evidence": "unknown",
    "call_keys": [],
    "tool_call_id": "",
    "input_preview": "{}"
  },
  {
    "scope": "langsmith",
    "name": "transfer_to_red_team",
    "display_name": "transfer_to_red_team",
    "root": false,
    "observation_type": "tool",
    "wrapper_candidate": false,
    "agent": "verifier",
    "framework": "langchain_create_agent",
    "model": "",
    "input_tokens": 0,
    "output_tokens": 0,
    "call_evidence": "unknown",
    "call_keys": [],
    "tool_call_id": "toolu_01XEAuhQHCBdyCwtymZwFfDi",
    "input_preview": "{}"
  },
  {
    "scope": "langsmith",
    "name": "model",
    "display_name": "model",
    "root": false,
    "observation_type": "chain",
    "wrapper_candidate": false,
    "agent": "verifier",
    "framework": "langchain_create_agent",
    "model": "",
    "input_tokens": 0,
    "output_tokens": 0,
    "call_evidence": "unknown",
    "call_keys": [],
    "tool_call_id": "",
    "input_preview": "{\"messages\":[{\"content\":\"For a synthetic tracing fixture, explain Python tuple versus list immutability in at most 120 words. Use only official Python documentation if you search. Have the skeptic and verifier check it, then have the editor"
  },
  {
    "scope": "langsmith",
    "name": "FilesystemMiddleware.wrap_model_call",
    "display_name": "FilesystemMiddleware.wrap_model_call",
    "root": false,
    "observation_type": "framework",
    "wrapper_candidate": false,
    "agent": "verifier",
    "framework": "langchain_create_agent",
    "model": "",
    "input_tokens": 0,
    "output_tokens": 0,
    "call_evidence": "unknown",
    "call_keys": [],
    "tool_call_id": "",
    "input_preview": "{}"
  },
  {
    "scope": "langsmith",
    "name": "UnsupportedContentMiddleware.wrap_model_call",
    "display_name": "UnsupportedContentMiddleware.wrap_model_call",
    "root": false,
    "observation_type": "framework",
    "wrapper_candidate": false,
    "agent": "verifier",
    "framework": "langchain_create_agent",
    "model": "",
    "input_tokens": 0,
    "output_tokens": 0,
    "call_evidence": "unknown",
    "call_keys": [],
    "tool_call_id": "",
    "input_preview": "{}"
  },
  {
    "scope": "langsmith",
    "name": "ChatAnthropic",
    "display_name": "ChatAnthropic",
    "root": false,
    "observation_type": "llm",
    "wrapper_candidate": false,
    "agent": "verifier",
    "framework": "langchain_chat_model",
    "model": "claude-sonnet",
    "input_tokens": 7509,
    "output_tokens": 88,
    "call_evidence": "complete",
    "call_keys": [
      "provider_response:msg_011CfdwAsabDquegHi6YUpCn"
    ],
    "tool_call_id": "",
    "input_preview": "For a synthetic tracing fixture, explain Python tuple versus list immutability in at most 120 words. Use only official Python documentation if you search. Have the skeptic and verifier check it, then have the editor write /answer.md. Keep t"
  },
  {
    "scope": "langsmith",
    "name": "verifier",
    "display_name": "verifier",
    "root": false,
    "observation_type": "agent",
    "wrapper_candidate": false,
    "agent": "verifier",
    "framework": "langchain_create_agent",
    "model": "",
    "input_tokens": 0,
    "output_tokens": 0,
    "call_evidence": "unknown",
    "call_keys": [],
    "tool_call_id": "",
    "input_preview": "For a synthetic tracing fixture, explain Python tuple versus list immutability in at most 120 words. Use only official Python documentation if you search. Have the skeptic and verifier check it, then have the editor write /answer.md. Keep t"
  },
  {
    "scope": "langsmith",
    "name": "verifier",
    "display_name": "verifier",
    "root": false,
    "observation_type": "chain",
    "wrapper_candidate": false,
    "agent": "",
    "framework": "langgraph",
    "model": "",
    "input_tokens": 0,
    "output_tokens": 0,
    "call_evidence": "unknown",
    "call_keys": [],
    "tool_call_id": "",
    "input_preview": "{\"messages\":[{\"content\":\"For a synthetic tracing fixture, explain Python tuple versus list immutability in at most 120 words. Use only official Python documentation if you search. Have the skeptic and verifier check it, then have the editor"
  },
  {
    "scope": "langsmith",
    "name": "tools",
    "display_name": "tools",
    "root": false,
    "observation_type": "chain",
    "wrapper_candidate": false,
    "agent": "red_team",
    "framework": "langchain_create_agent",
    "model": "",
    "input_tokens": 0,
    "output_tokens": 0,
    "call_evidence": "unknown",
    "call_keys": [],
    "tool_call_id": "",
    "input_preview": "{\"input\":[{\"name\":\"transfer_to_editor\",\"args\":{},\"id\":\"toolu_01VBrWdWEWYgit4kNYehBMU5\",\"type\":\"tool_call\"}]}"
  },
  {
    "scope": "langsmith",
    "name": "FilesystemMiddleware.wrap_tool_call",
    "display_name": "FilesystemMiddleware.wrap_tool_call",
    "root": false,
    "observation_type": "framework",
    "wrapper_candidate": false,
    "agent": "red_team",
    "framework": "langchain_create_agent",
    "model": "",
    "input_tokens": 0,
    "output_tokens": 0,
    "call_evidence": "unknown",
    "call_keys": [],
    "tool_call_id": "",
    "input_preview": "{}"
  },
  {
    "scope": "langsmith",
    "name": "transfer_to_editor",
    "display_name": "transfer_to_editor",
    "root": false,
    "observation_type": "tool",
    "wrapper_candidate": false,
    "agent": "red_team",
    "framework": "langchain_create_agent",
    "model": "",
    "input_tokens": 0,
    "output_tokens": 0,
    "call_evidence": "unknown",
    "call_keys": [],
    "tool_call_id": "toolu_01VBrWdWEWYgit4kNYehBMU5",
    "input_preview": "{}"
  },
  {
    "scope": "langsmith",
    "name": "model",
    "display_name": "model",
    "root": false,
    "observation_type": "chain",
    "wrapper_candidate": false,
    "agent": "red_team",
    "framework": "langchain_create_agent",
    "model": "",
    "input_tokens": 0,
    "output_tokens": 0,
    "call_evidence": "unknown",
    "call_keys": [],
    "tool_call_id": "",
    "input_preview": "{\"messages\":[{\"content\":\"For a synthetic tracing fixture, explain Python tuple versus list immutability in at most 120 words. Use only official Python documentation if you search. Have the skeptic and verifier check it, then have the editor"
  },
  {
    "scope": "langsmith",
    "name": "FilesystemMiddleware.wrap_model_call",
    "display_name": "FilesystemMiddleware.wrap_model_call",
    "root": false,
    "observation_type": "framework",
    "wrapper_candidate": false,
    "agent": "red_team",
    "framework": "langchain_create_agent",
    "model": "",
    "input_tokens": 0,
    "output_tokens": 0,
    "call_evidence": "unknown",
    "call_keys": [],
    "tool_call_id": "",
    "input_preview": "{}"
  },
  {
    "scope": "langsmith",
    "name": "UnsupportedContentMiddleware.wrap_model_call",
    "display_name": "UnsupportedContentMiddleware.wrap_model_call",
    "root": false,
    "observation_type": "framework",
    "wrapper_candidate": false,
    "agent": "red_team",
    "framework": "langchain_create_agent",
    "model": "",
    "input_tokens": 0,
    "output_tokens": 0,
    "call_evidence": "unknown",
    "call_keys": [],
    "tool_call_id": "",
    "input_preview": "{}"
  },
  {
    "scope": "langsmith",
    "name": "ChatAnthropic",
    "display_name": "ChatAnthropic",
    "root": false,
    "observation_type": "llm",
    "wrapper_candidate": false,
    "agent": "red_team",
    "framework": "langchain_chat_model",
    "model": "claude-sonnet",
    "input_tokens": 7416,
    "output_tokens": 151,
    "call_evidence": "complete",
    "call_keys": [
      "provider_response:msg_011CfdwAzfjqUopoEmZLaqm1"
    ],
    "tool_call_id": "",
    "input_preview": "For a synthetic tracing fixture, explain Python tuple versus list immutability in at most 120 words. Use only official Python documentation if you search. Have the skeptic and verifier check it, then have the editor write /answer.md. Keep t"
  },
  {
    "scope": "langsmith",
    "name": "red_team",
    "display_name": "red_team",
    "root": false,
    "observation_type": "agent",
    "wrapper_candidate": false,
    "agent": "red_team",
    "framework": "langchain_create_agent",
    "model": "",
    "input_tokens": 0,
    "output_tokens": 0,
    "call_evidence": "unknown",
    "call_keys": [],
    "tool_call_id": "",
    "input_preview": "For a synthetic tracing fixture, explain Python tuple versus list immutability in at most 120 words. Use only official Python documentation if you search. Have the skeptic and verifier check it, then have the editor write /answer.md. Keep t"
  },
  {
    "scope": "langsmith",
    "name": "red_team",
    "display_name": "red_team",
    "root": false,
    "observation_type": "chain",
    "wrapper_candidate": false,
    "agent": "",
    "framework": "langgraph",
    "model": "",
    "input_tokens": 0,
    "output_tokens": 0,
    "call_evidence": "unknown",
    "call_keys": [],
    "tool_call_id": "",
    "input_preview": "{\"messages\":[{\"content\":\"For a synthetic tracing fixture, explain Python tuple versus list immutability in at most 120 words. Use only official Python documentation if you search. Have the skeptic and verifier check it, then have the editor"
  },
  {
    "scope": "langsmith",
    "name": "tools",
    "display_name": "tools",
    "root": false,
    "observation_type": "chain",
    "wrapper_candidate": false,
    "agent": "editor",
    "framework": "langchain_create_agent",
    "model": "",
    "input_tokens": 0,
    "output_tokens": 0,
    "call_evidence": "unknown",
    "call_keys": [],
    "tool_call_id": "",
    "input_preview": "{\"input\":[{\"name\":\"write_file\",\"args\":{\"file_path\":\"/answer.md\",\"content\":\"**Tuple vs. list immutability (Python)**\\n\\nA tuple is immutable: once created, you can't assign to its items, and the collection of objects it references can't chan"
  },
  {
    "scope": "langsmith",
    "name": "FilesystemMiddleware.wrap_tool_call",
    "display_name": "FilesystemMiddleware.wrap_tool_call",
    "root": false,
    "observation_type": "framework",
    "wrapper_candidate": false,
    "agent": "editor",
    "framework": "langchain_create_agent",
    "model": "",
    "input_tokens": 0,
    "output_tokens": 0,
    "call_evidence": "unknown",
    "call_keys": [],
    "tool_call_id": "",
    "input_preview": "{}"
  },
  {
    "scope": "langsmith",
    "name": "write_file",
    "display_name": "write_file",
    "root": false,
    "observation_type": "tool",
    "wrapper_candidate": false,
    "agent": "editor",
    "framework": "langchain_create_agent",
    "model": "",
    "input_tokens": 0,
    "output_tokens": 0,
    "call_evidence": "unknown",
    "call_keys": [],
    "tool_call_id": "toolu_01Bm8AU9EsQUwqoVLYpxKA77",
    "input_preview": "{\"file_path\":\"/answer.md\",\"content\":\"**Tuple vs. list immutability (Python)**\\n\\nA tuple is immutable: once created, you can't assign to its items, and the collection of objects it references can't change. `t[0] = 1` raises `TypeError`. A l"
  },
  {
    "scope": "langsmith",
    "name": "model",
    "display_name": "model",
    "root": false,
    "observation_type": "chain",
    "wrapper_candidate": false,
    "agent": "editor",
    "framework": "langchain_create_agent",
    "model": "",
    "input_tokens": 0,
    "output_tokens": 0,
    "call_evidence": "unknown",
    "call_keys": [],
    "tool_call_id": "",
    "input_preview": "{\"messages\":[{\"content\":\"For a synthetic tracing fixture, explain Python tuple versus list immutability in at most 120 words. Use only official Python documentation if you search. Have the skeptic and verifier check it, then have the editor"
  },
  {
    "scope": "langsmith",
    "name": "FilesystemMiddleware.wrap_model_call",
    "display_name": "FilesystemMiddleware.wrap_model_call",
    "root": false,
    "observation_type": "framework",
    "wrapper_candidate": false,
    "agent": "editor",
    "framework": "langchain_create_agent",
    "model": "",
    "input_tokens": 0,
    "output_tokens": 0,
    "call_evidence": "unknown",
    "call_keys": [],
    "tool_call_id": "",
    "input_preview": "{}"
  },
  {
    "scope": "langsmith",
    "name": "UnsupportedContentMiddleware.wrap_model_call",
    "display_name": "UnsupportedContentMiddleware.wrap_model_call",
    "root": false,
    "observation_type": "framework",
    "wrapper_candidate": false,
    "agent": "editor",
    "framework": "langchain_create_agent",
    "model": "",
    "input_tokens": 0,
    "output_tokens": 0,
    "call_evidence": "unknown",
    "call_keys": [],
    "tool_call_id": "",
    "input_preview": "{}"
  },
  {
    "scope": "langsmith",
    "name": "ChatAnthropic",
    "display_name": "ChatAnthropic",
    "root": false,
    "observation_type": "llm",
    "wrapper_candidate": false,
    "agent": "editor",
    "framework": "langchain_chat_model",
    "model": "claude-sonnet",
    "input_tokens": 8127,
    "output_tokens": 433,
    "call_evidence": "complete",
    "call_keys": [
      "provider_response:msg_011CfdwBBaa9gjMCce16TUen"
    ],
    "tool_call_id": "",
    "input_preview": "For a synthetic tracing fixture, explain Python tuple versus list immutability in at most 120 words. Use only official Python documentation if you search. Have the skeptic and verifier check it, then have the editor write /answer.md. Keep t"
  },
  {
    "scope": "langsmith",
    "name": "LangGraph",
    "display_name": "LangGraph",
    "root": false,
    "observation_type": "chain",
    "wrapper_candidate": false,
    "agent": "",
    "framework": "langgraph",
    "model": "",
    "input_tokens": 0,
    "output_tokens": 0,
    "call_evidence": "unknown",
    "call_keys": [],
    "tool_call_id": "",
    "input_preview": "{\"messages\":[{\"role\":\"user\",\"content\":\"For a synthetic tracing fixture, explain Python tuple versus list immutability in at most 120 words. Use only official Python documentation if you search. Have the skeptic and verifier check it, then h"
  },
  {
    "scope": "langsmith",
    "name": "editor",
    "display_name": "editor",
    "root": false,
    "observation_type": "chain",
    "wrapper_candidate": false,
    "agent": "",
    "framework": "langgraph",
    "model": "",
    "input_tokens": 0,
    "output_tokens": 0,
    "call_evidence": "unknown",
    "call_keys": [],
    "tool_call_id": "",
    "input_preview": "{\"messages\":[{\"content\":\"For a synthetic tracing fixture, explain Python tuple versus list immutability in at most 120 words. Use only official Python documentation if you search. Have the skeptic and verifier check it, then have the editor"
  },
  {
    "scope": "langsmith",
    "name": "editor",
    "display_name": "editor",
    "root": false,
    "observation_type": "agent",
    "wrapper_candidate": false,
    "agent": "editor",
    "framework": "langchain_create_agent",
    "model": "",
    "input_tokens": 0,
    "output_tokens": 0,
    "call_evidence": "unknown",
    "call_keys": [],
    "tool_call_id": "",
    "input_preview": "For a synthetic tracing fixture, explain Python tuple versus list immutability in at most 120 words. Use only official Python documentation if you search. Have the skeptic and verifier check it, then have the editor write /answer.md. Keep t"
  },
  {
    "scope": "langsmith",
    "name": "model",
    "display_name": "model",
    "root": false,
    "observation_type": "chain",
    "wrapper_candidate": false,
    "agent": "editor",
    "framework": "langchain_create_agent",
    "model": "",
    "input_tokens": 0,
    "output_tokens": 0,
    "call_evidence": "unknown",
    "call_keys": [],
    "tool_call_id": "",
    "input_preview": "{\"messages\":[{\"content\":\"For a synthetic tracing fixture, explain Python tuple versus list immutability in at most 120 words. Use only official Python documentation if you search. Have the skeptic and verifier check it, then have the editor"
  },
  {
    "scope": "langsmith",
    "name": "FilesystemMiddleware.wrap_model_call",
    "display_name": "FilesystemMiddleware.wrap_model_call",
    "root": false,
    "observation_type": "framework",
    "wrapper_candidate": false,
    "agent": "editor",
    "framework": "langchain_create_agent",
    "model": "",
    "input_tokens": 0,
    "output_tokens": 0,
    "call_evidence": "unknown",
    "call_keys": [],
    "tool_call_id": "",
    "input_preview": "{}"
  },
  {
    "scope": "langsmith",
    "name": "UnsupportedContentMiddleware.wrap_model_call",
    "display_name": "UnsupportedContentMiddleware.wrap_model_call",
    "root": false,
    "observation_type": "framework",
    "wrapper_candidate": false,
    "agent": "editor",
    "framework": "langchain_create_agent",
    "model": "",
    "input_tokens": 0,
    "output_tokens": 0,
    "call_evidence": "unknown",
    "call_keys": [],
    "tool_call_id": "",
    "input_preview": "{}"
  },
  {
    "scope": "langsmith",
    "name": "ChatAnthropic",
    "display_name": "ChatAnthropic",
    "root": false,
    "observation_type": "llm",
    "wrapper_candidate": false,
    "agent": "editor",
    "framework": "langchain_chat_model",
    "model": "claude-sonnet",
    "input_tokens": 8494,
    "output_tokens": 415,
    "call_evidence": "complete",
    "call_keys": [
      "provider_response:msg_011CfdwBUsNhr19gQNVcFsUe"
    ],
    "tool_call_id": "",
    "input_preview": "For a synthetic tracing fixture, explain Python tuple versus list immutability in at most 120 words. Use only official Python documentation if you search. Have the skeptic and verifier check it, then have the editor write /answer.md. Keep t"
  },
  {
    "scope": "deeplite",
    "name": "deeplite.run",
    "display_name": "deeplite.run",
    "root": true,
    "observation_type": "agent",
    "wrapper_candidate": false,
    "agent": "",
    "framework": "",
    "model": "",
    "input_tokens": 0,
    "output_tokens": 0,
    "call_evidence": "unknown",
    "call_keys": [],
    "tool_call_id": "",
    "input_preview": ""
  }
]
